mode: atomic
github.com/NullGeorge/congenial-octo-doodle/internal/knockd/log_reader.go:16.46,17.19 1 0
github.com/NullGeorge/congenial-octo-doodle/internal/knockd/log_reader.go:17.19,19.3 1 0
github.com/NullGeorge/congenial-octo-doodle/internal/knockd/log_reader.go:20.2,20.37 1 0
github.com/NullGeorge/congenial-octo-doodle/internal/knockd/log_reader.go:23.82,26.16 3 0
github.com/NullGeorge/congenial-octo-doodle/internal/knockd/log_reader.go:26.16,28.3 1 0
github.com/NullGeorge/congenial-octo-doodle/internal/knockd/log_reader.go:29.2,29.36 1 0
github.com/NullGeorge/congenial-octo-doodle/internal/knockd/log_reader.go:29.36,31.3 1 0
github.com/NullGeorge/congenial-octo-doodle/internal/knockd/log_reader.go:33.2,34.21 2 0
github.com/NullGeorge/congenial-octo-doodle/internal/knockd/log_reader.go:34.21,35.48 1 0
github.com/NullGeorge/congenial-octo-doodle/internal/knockd/log_reader.go:35.48,39.4 3 0
github.com/NullGeorge/congenial-octo-doodle/internal/knockd/log_reader.go:42.2,42.38 1 0
github.com/NullGeorge/congenial-octo-doodle/internal/knockd/log_reader.go:42.38,45.3 2 0
github.com/NullGeorge/congenial-octo-doodle/internal/knockd/log_reader.go:46.2,46.19 1 0
github.com/NullGeorge/congenial-octo-doodle/internal/knockd/manager.go:13.42,14.19 1 0
github.com/NullGeorge/congenial-octo-doodle/internal/knockd/manager.go:14.19,16.3 1 0
github.com/NullGeorge/congenial-octo-doodle/internal/knockd/manager.go:17.2,17.35 1 0
github.com/NullGeorge/congenial-octo-doodle/internal/knockd/manager.go:20.53,22.2 1 0
github.com/NullGeorge/congenial-octo-doodle/internal/knockd/manager.go:24.52,26.2 1 0
github.com/NullGeorge/congenial-octo-doodle/internal/knockd/manager.go:28.51,30.2 1 0
github.com/NullGeorge/congenial-octo-doodle/internal/knockd/manager.go:32.54,34.2 1 0
github.com/NullGeorge/congenial-octo-doodle/internal/knockd/manager.go:36.66,38.53 2 0
github.com/NullGeorge/congenial-octo-doodle/internal/knockd/manager.go:38.53,40.3 1 0
github.com/NullGeorge/congenial-octo-doodle/internal/knockd/manager.go:41.2,41.12 1 0
github.com/NullGeorge/congenial-octo-doodle/internal/knockd/parser.go:39.50,41.16 2 22
github.com/NullGeorge/congenial-octo-doodle/internal/knockd/parser.go:41.16,43.3 1 1
github.com/NullGeorge/congenial-octo-doodle/internal/knockd/parser.go:46.2,46.9 1 21
github.com/NullGeorge/congenial-octo-doodle/internal/knockd/parser.go:47.46,48.71 1 1
github.com/NullGeorge/congenial-octo-doodle/internal/knockd/parser.go:49.48,50.71 1 1
github.com/NullGeorge/congenial-octo-doodle/internal/knockd/parser.go:53.2,55.56 3 19
github.com/NullGeorge/congenial-octo-doodle/internal/knockd/parser.go:55.56,56.50 1 10
github.com/NullGeorge/congenial-octo-doodle/internal/knockd/parser.go:56.50,58.4 1 0
github.com/NullGeorge/congenial-octo-doodle/internal/knockd/parser.go:59.3,59.57 1 10
github.com/NullGeorge/congenial-octo-doodle/internal/knockd/parser.go:60.8,60.64 1 9
github.com/NullGeorge/congenial-octo-doodle/internal/knockd/parser.go:60.64,62.3 1 8
github.com/NullGeorge/congenial-octo-doodle/internal/knockd/parser.go:62.8,64.3 1 1
github.com/NullGeorge/congenial-octo-doodle/internal/knockd/parser.go:68.2,68.67 1 18
github.com/NullGeorge/congenial-octo-doodle/internal/knockd/parser.go:68.67,69.27 1 6
github.com/NullGeorge/congenial-octo-doodle/internal/knockd/parser.go:69.27,71.4 1 6
github.com/NullGeorge/congenial-octo-doodle/internal/knockd/parser.go:72.3,74.10 3 6
github.com/NullGeorge/congenial-octo-doodle/internal/knockd/parser.go:75.30,79.64 2 3
github.com/NullGeorge/congenial-octo-doodle/internal/knockd/parser.go:79.64,81.5 1 2
github.com/NullGeorge/congenial-octo-doodle/internal/knockd/parser.go:82.30,83.37 1 2
github.com/NullGeorge/congenial-octo-doodle/internal/knockd/parser.go:84.11,85.32 1 1
github.com/NullGeorge/congenial-octo-doodle/internal/knockd/parser.go:87.3,87.21 1 5
github.com/NullGeorge/congenial-octo-doodle/internal/knockd/parser.go:90.2,90.30 1 12
github.com/NullGeorge/congenial-octo-doodle/internal/knockd/parser.go:90.30,93.3 2 2
github.com/NullGeorge/congenial-octo-doodle/internal/knockd/parser.go:94.2,94.61 1 10
github.com/NullGeorge/congenial-octo-doodle/internal/knockd/parser.go:94.61,96.22 2 6
github.com/NullGeorge/congenial-octo-doodle/internal/knockd/parser.go:96.22,98.4 1 3
github.com/NullGeorge/congenial-octo-doodle/internal/knockd/parser.go:98.9,100.4 1 3
github.com/NullGeorge/congenial-octo-doodle/internal/knockd/parser.go:101.3,101.21 1 6
github.com/NullGeorge/congenial-octo-doodle/internal/knockd/parser.go:103.2,103.63 1 4
github.com/NullGeorge/congenial-octo-doodle/internal/knockd/parser.go:103.63,107.3 3 2
github.com/NullGeorge/congenial-octo-doodle/internal/knockd/parser.go:108.2,108.40 1 2
github.com/NullGeorge/congenial-octo-doodle/internal/knockd/parser.go:108.40,111.3 2 1
github.com/NullGeorge/congenial-octo-doodle/internal/knockd/parser.go:112.2,112.30 1 1
github.com/NullGeorge/congenial-octo-doodle/internal/knockd/parser.go:116.36,118.16 2 8
github.com/NullGeorge/congenial-octo-doodle/internal/knockd/parser.go:118.16,120.3 1 0
github.com/NullGeorge/congenial-octo-doodle/internal/knockd/parser.go:121.2,121.14 1 8
github.com/NullGeorge/congenial-octo-doodle/internal/knockd/parser.go:137.57,140.27 3 11
github.com/NullGeorge/congenial-octo-doodle/internal/knockd/parser.go:140.27,141.41 1 48
github.com/NullGeorge/congenial-octo-doodle/internal/knockd/parser.go:141.41,142.29 1 37
github.com/NullGeorge/congenial-octo-doodle/internal/knockd/parser.go:142.29,144.5 1 1
github.com/NullGeorge/congenial-octo-doodle/internal/knockd/parser.go:145.4,147.12 3 36
github.com/NullGeorge/congenial-octo-doodle/internal/knockd/parser.go:149.3,150.51 2 11
github.com/NullGeorge/congenial-octo-doodle/internal/knockd/parser.go:150.51,152.4 1 2
github.com/NullGeorge/congenial-octo-doodle/internal/knockd/parser.go:153.3,155.28 3 9
github.com/NullGeorge/congenial-octo-doodle/internal/knockd/parser.go:155.28,157.4 1 0
github.com/NullGeorge/congenial-octo-doodle/internal/knockd/parser.go:159.2,159.12 1 8
github.com/NullGeorge/congenial-octo-doodle/internal/knockd/parser.go:159.12,161.3 1 1
github.com/NullGeorge/congenial-octo-doodle/internal/knockd/parser.go:162.2,162.41 1 8
github.com/NullGeorge/congenial-octo-doodle/internal/knockd/parser.go:162.41,164.3 1 2
github.com/NullGeorge/congenial-octo-doodle/internal/knockd/parser.go:165.2,165.20 1 6
github.com/NullGeorge/congenial-octo-doodle/internal/knockd/parser.go:168.36,170.21 2 6
github.com/NullGeorge/congenial-octo-doodle/internal/knockd/parser.go:170.21,172.3 1 0
github.com/NullGeorge/congenial-octo-doodle/internal/knockd/parser.go:173.2,173.54 1 6
github.com/NullGeorge/congenial-octo-doodle/internal/knockd/parser.go:173.54,175.3 1 0
github.com/NullGeorge/congenial-octo-doodle/internal/knockd/parser.go:176.2,176.18 1 6
github.com/NullGeorge/congenial-octo-doodle/internal/geoip/geoip.go:35.37,37.16 2 8
github.com/NullGeorge/congenial-octo-doodle/internal/geoip/geoip.go:37.16,39.3 1 1
github.com/NullGeorge/congenial-octo-doodle/internal/geoip/geoip.go:40.2,47.40 6 7
github.com/NullGeorge/congenial-octo-doodle/internal/geoip/geoip.go:47.40,49.20 2 11
github.com/NullGeorge/congenial-octo-doodle/internal/geoip/geoip.go:49.20,50.12 1 0
github.com/NullGeorge/congenial-octo-doodle/internal/geoip/geoip.go:52.3,53.17 2 11
github.com/NullGeorge/congenial-octo-doodle/internal/geoip/geoip.go:53.17,55.4 1 5
github.com/NullGeorge/congenial-octo-doodle/internal/geoip/geoip.go:56.3,57.12 2 6
github.com/NullGeorge/congenial-octo-doodle/internal/geoip/geoip.go:57.12,58.38 1 6
github.com/NullGeorge/congenial-octo-doodle/internal/geoip/geoip.go:58.38,60.5 1 0
github.com/NullGeorge/congenial-octo-doodle/internal/geoip/geoip.go:61.4,63.23 3 6
github.com/NullGeorge/congenial-octo-doodle/internal/geoip/geoip.go:65.3,65.67 1 6
github.com/NullGeorge/congenial-octo-doodle/internal/geoip/geoip.go:65.67,67.4 1 2
github.com/NullGeorge/congenial-octo-doodle/internal/geoip/geoip.go:68.3,68.78 1 6
github.com/NullGeorge/congenial-octo-doodle/internal/geoip/geoip.go:70.2,70.38 1 2
github.com/NullGeorge/congenial-octo-doodle/internal/geoip/geoip.go:70.38,72.3 1 0
github.com/NullGeorge/congenial-octo-doodle/internal/geoip/geoip.go:73.2,73.13 1 2
github.com/NullGeorge/congenial-octo-doodle/internal/geoip/geoip.go:73.13,74.52 1 1
github.com/NullGeorge/congenial-octo-doodle/internal/geoip/geoip.go:74.52,74.92 1 3
github.com/NullGeorge/congenial-octo-doodle/internal/geoip/geoip.go:76.2,76.16 1 2
github.com/NullGeorge/congenial-octo-doodle/internal/geoip/geoip.go:81.40,82.37 1 14
github.com/NullGeorge/congenial-octo-doodle/internal/geoip/geoip.go:82.37,84.3 1 1
github.com/NullGeorge/congenial-octo-doodle/internal/geoip/geoip.go:85.2,86.31 2 13
github.com/NullGeorge/congenial-octo-doodle/internal/geoip/geoip.go:86.31,88.3 1 3
github.com/NullGeorge/congenial-octo-doodle/internal/geoip/geoip.go:89.2,92.94 3 10
github.com/NullGeorge/congenial-octo-doodle/internal/geoip/geoip.go:92.94,93.10 1 29
github.com/NullGeorge/congenial-octo-doodle/internal/geoip/geoip.go:94.23,95.13 1 7
github.com/NullGeorge/congenial-octo-doodle/internal/geoip/geoip.go:96.25,97.12 1 8
github.com/NullGeorge/congenial-octo-doodle/internal/geoip/geoip.go:98.11,99.12 1 14
github.com/NullGeorge/congenial-octo-doodle/internal/geoip/geoip.go:102.2,102.12 1 10
github.com/NullGeorge/congenial-octo-doodle/internal/geoip/geoip.go:102.12,104.3 1 3
github.com/NullGeorge/congenial-octo-doodle/internal/geoip/geoip.go:105.2,105.39 1 7
github.com/NullGeorge/congenial-octo-doodle/internal/geoip/geoip.go:109.24,110.14 1 2
github.com/NullGeorge/congenial-octo-doodle/internal/geoip/geoip.go:110.14,112.3 1 1
github.com/NullGeorge/congenial-octo-doodle/internal/geoip/geoip.go:113.2,113.23 1 1
github.com/NullGeorge/congenial-octo-doodle/internal/geoip/geoip.go:116.72,118.20 2 11
github.com/NullGeorge/congenial-octo-doodle/internal/geoip/geoip.go:118.20,120.3 1 0
github.com/NullGeorge/congenial-octo-doodle/internal/geoip/geoip.go:121.2,123.21 3 11
github.com/NullGeorge/congenial-octo-doodle/internal/geoip/geoip.go:123.21,125.3 1 1
github.com/NullGeorge/congenial-octo-doodle/internal/geoip/geoip.go:127.2,128.9 2 10
github.com/NullGeorge/congenial-octo-doodle/internal/geoip/geoip.go:128.9,130.3 1 1
github.com/NullGeorge/congenial-octo-doodle/internal/geoip/geoip.go:131.2,132.9 2 9
github.com/NullGeorge/congenial-octo-doodle/internal/geoip/geoip.go:132.9,134.3 1 1
github.com/NullGeorge/congenial-octo-doodle/internal/geoip/geoip.go:135.2,135.17 1 8
github.com/NullGeorge/congenial-octo-doodle/internal/geoip/geoip.go:135.17,137.3 1 1
github.com/NullGeorge/congenial-octo-doodle/internal/geoip/geoip.go:139.2,140.23 2 7
github.com/NullGeorge/congenial-octo-doodle/internal/geoip/geoip.go:140.23,142.3 1 1
github.com/NullGeorge/congenial-octo-doodle/internal/geoip/geoip.go:143.2,143.57 1 6
github.com/NullGeorge/congenial-octo-doodle/internal/geoip/geoip.go:146.47,147.40 1 19
github.com/NullGeorge/congenial-octo-doodle/internal/geoip/geoip.go:147.40,149.3 1 0
github.com/NullGeorge/congenial-octo-doodle/internal/geoip/geoip.go:150.2,151.26 2 19
github.com/NullGeorge/congenial-octo-doodle/internal/geoip/geoip.go:151.26,152.25 1 151
github.com/NullGeorge/congenial-octo-doodle/internal/geoip/geoip.go:152.25,154.4 1 1
github.com/NullGeorge/congenial-octo-doodle/internal/geoip/geoip.go:155.3,155.35 1 150
github.com/NullGeorge/congenial-octo-doodle/internal/geoip/geoip.go:157.2,157.28 1 18
github.com/NullGeorge/congenial-octo-doodle/internal/geoip/geoip.go:157.28,159.3 1 1
github.com/NullGeorge/congenial-octo-doodle/internal/geoip/geoip.go:160.2,160.28 1 17
github.com/NullGeorge/congenial-octo-doodle/cmd/knock-watch/main.go:30.13,31.49 1 0
github.com/NullGeorge/congenial-octo-doodle/cmd/knock-watch/main.go:31.49,34.3 2 0
github.com/NullGeorge/congenial-octo-doodle/cmd/knock-watch/main.go:35.2,35.41 1 0
github.com/NullGeorge/congenial-octo-doodle/cmd/knock-watch/main.go:35.41,37.3 1 0
github.com/NullGeorge/congenial-octo-doodle/cmd/knock-watch/main.go:40.31,50.39 10 0
github.com/NullGeorge/congenial-octo-doodle/cmd/knock-watch/main.go:50.39,52.3 1 0
github.com/NullGeorge/congenial-octo-doodle/cmd/knock-watch/main.go:56.2,56.18 1 0
github.com/NullGeorge/congenial-octo-doodle/cmd/knock-watch/main.go:56.18,58.3 1 0
github.com/NullGeorge/congenial-octo-doodle/cmd/knock-watch/main.go:60.2,61.20 2 0
github.com/NullGeorge/congenial-octo-doodle/cmd/knock-watch/main.go:61.20,63.3 1 0
github.com/NullGeorge/congenial-octo-doodle/cmd/knock-watch/main.go:64.2,65.15 2 0
github.com/NullGeorge/congenial-octo-doodle/cmd/knock-watch/main.go:65.15,68.17 3 0
github.com/NullGeorge/congenial-octo-doodle/cmd/knock-watch/main.go:68.17,70.4 1 0
github.com/NullGeorge/congenial-octo-doodle/cmd/knock-watch/main.go:71.3,71.16 1 0
github.com/NullGeorge/congenial-octo-doodle/cmd/knock-watch/main.go:74.2,80.54 2 0
github.com/NullGeorge/congenial-octo-doodle/cmd/knock-watch/main.go:80.54,82.4 1 0
github.com/NullGeorge/congenial-octo-doodle/cmd/knock-watch/main.go:84.2,84.37 1 0
github.com/NullGeorge/congenial-octo-doodle/cmd/knock-watch/main.go:84.37,86.3 1 0
github.com/NullGeorge/congenial-octo-doodle/cmd/knock-watch/main.go:88.2,92.79 4 0
github.com/NullGeorge/congenial-octo-doodle/cmd/knock-watch/main.go:92.79,95.3 2 0
github.com/NullGeorge/congenial-octo-doodle/cmd/knock-watch/main.go:97.2,102.12 2 0
github.com/NullGeorge/congenial-octo-doodle/cmd/knock-watch/main.go:102.12,107.3 4 0
github.com/NullGeorge/congenial-octo-doodle/cmd/knock-watch/main.go:108.2,112.68 4 0
github.com/NullGeorge/congenial-octo-doodle/cmd/knock-watch/main.go:112.68,114.3 1 0
github.com/NullGeorge/congenial-octo-doodle/cmd/knock-watch/main.go:115.2,115.12 1 0
github.com/NullGeorge/congenial-octo-doodle/cmd/knock-watch/main.go:138.32,140.16 2 2
github.com/NullGeorge/congenial-octo-doodle/cmd/knock-watch/main.go:140.16,141.25 1 1
github.com/NullGeorge/congenial-octo-doodle/cmd/knock-watch/main.go:141.25,146.4 2 1
github.com/NullGeorge/congenial-octo-doodle/cmd/knock-watch/main.go:147.3,147.43 1 0
github.com/NullGeorge/congenial-octo-doodle/cmd/knock-watch/main.go:149.2,150.52 2 1
github.com/NullGeorge/congenial-octo-doodle/cmd/knock-watch/main.go:150.52,152.3 1 0
github.com/NullGeorge/congenial-octo-doodle/cmd/knock-watch/main.go:153.2,154.12 2 1
github.com/NullGeorge/congenial-octo-doodle/cmd/knock-watch/main.go:157.26,159.16 2 1
github.com/NullGeorge/congenial-octo-doodle/cmd/knock-watch/main.go:159.16,162.3 2 0
github.com/NullGeorge/congenial-octo-doodle/cmd/knock-watch/main.go:163.2,163.49 1 1
github.com/NullGeorge/congenial-octo-doodle/cmd/knock-watch/main.go:163.49,164.49 1 1
github.com/NullGeorge/congenial-octo-doodle/cmd/knock-watch/main.go:164.49,167.4 2 0
github.com/NullGeorge/congenial-octo-doodle/cmd/knock-watch/main.go:169.2,169.62 1 1
github.com/NullGeorge/congenial-octo-doodle/cmd/knock-watch/main.go:169.62,171.3 1 0
github.com/NullGeorge/congenial-octo-doodle/cmd/knock-watch/main.go:175.81,179.15 3 25
github.com/NullGeorge/congenial-octo-doodle/cmd/knock-watch/main.go:179.15,182.3 2 1
github.com/NullGeorge/congenial-octo-doodle/cmd/knock-watch/main.go:183.2,184.29 2 25
github.com/NullGeorge/congenial-octo-doodle/cmd/knock-watch/main.go:189.79,194.39 4 36
github.com/NullGeorge/congenial-octo-doodle/cmd/knock-watch/main.go:194.39,196.3 1 31
github.com/NullGeorge/congenial-octo-doodle/cmd/knock-watch/main.go:197.2,198.24 2 5
github.com/NullGeorge/congenial-octo-doodle/cmd/knock-watch/main.go:201.66,204.16 3 0
github.com/NullGeorge/congenial-octo-doodle/cmd/knock-watch/main.go:204.16,206.3 1 0
github.com/NullGeorge/congenial-octo-doodle/cmd/knock-watch/main.go:207.2,209.42 2 0
github.com/NullGeorge/congenial-octo-doodle/cmd/knock-watch/main.go:209.42,211.3 1 0
github.com/NullGeorge/congenial-octo-doodle/cmd/knock-watch/main.go:214.66,218.6 3 0
github.com/NullGeorge/congenial-octo-doodle/cmd/knock-watch/main.go:218.6,219.10 1 0
github.com/NullGeorge/congenial-octo-doodle/cmd/knock-watch/main.go:220.21,221.10 1 0
github.com/NullGeorge/congenial-octo-doodle/cmd/knock-watch/main.go:222.19,222.19 0 0
github.com/NullGeorge/congenial-octo-doodle/cmd/knock-watch/main.go:225.3,226.14 2 0
github.com/NullGeorge/congenial-octo-doodle/cmd/knock-watch/main.go:226.14,227.12 1 0
github.com/NullGeorge/congenial-octo-doodle/cmd/knock-watch/main.go:229.3,232.43 3 0
github.com/NullGeorge/congenial-octo-doodle/cmd/knock-watch/main.go:232.43,234.4 1 0
github.com/NullGeorge/congenial-octo-doodle/cmd/knock-helper/main.go:39.13,40.41 1 0
github.com/NullGeorge/congenial-octo-doodle/cmd/knock-helper/main.go:40.41,43.3 2 0
github.com/NullGeorge/congenial-octo-doodle/cmd/knock-helper/main.go:46.31,47.20 1 0
github.com/NullGeorge/congenial-octo-doodle/cmd/knock-helper/main.go:47.20,49.3 1 0
github.com/NullGeorge/congenial-octo-doodle/cmd/knock-helper/main.go:51.2,51.17 1 0
github.com/NullGeorge/congenial-octo-doodle/cmd/knock-helper/main.go:52.15,53.21 1 0
github.com/NullGeorge/congenial-octo-doodle/cmd/knock-helper/main.go:53.21,55.4 1 0
github.com/NullGeorge/congenial-octo-doodle/cmd/knock-helper/main.go:56.3,57.17 2 0
github.com/NullGeorge/congenial-octo-doodle/cmd/knock-helper/main.go:57.17,59.4 1 0
github.com/NullGeorge/congenial-octo-doodle/cmd/knock-helper/main.go:60.3,60.48 1 0
github.com/NullGeorge/congenial-octo-doodle/cmd/knock-helper/main.go:60.48,62.4 1 0
github.com/NullGeorge/congenial-octo-doodle/cmd/knock-helper/main.go:63.3,63.54 1 0
github.com/NullGeorge/congenial-octo-doodle/cmd/knock-helper/main.go:65.16,66.21 1 0
github.com/NullGeorge/congenial-octo-doodle/cmd/knock-helper/main.go:66.21,68.4 1 0
github.com/NullGeorge/congenial-octo-doodle/cmd/knock-helper/main.go:69.3,70.17 2 0
github.com/NullGeorge/congenial-octo-doodle/cmd/knock-helper/main.go:70.17,72.4 1 0
github.com/NullGeorge/congenial-octo-doodle/cmd/knock-helper/main.go:73.3,73.48 1 0
github.com/NullGeorge/congenial-octo-doodle/cmd/knock-helper/main.go:73.48,75.4 1 0
github.com/NullGeorge/congenial-octo-doodle/cmd/knock-helper/main.go:76.3,76.38 1 0
github.com/NullGeorge/congenial-octo-doodle/cmd/knock-helper/main.go:78.17,79.21 1 0
github.com/NullGeorge/congenial-octo-doodle/cmd/knock-helper/main.go:79.21,81.4 1 0
github.com/NullGeorge/congenial-octo-doodle/cmd/knock-helper/main.go:82.3,83.17 2 0
github.com/NullGeorge/congenial-octo-doodle/cmd/knock-helper/main.go:83.17,85.4 1 0
github.com/NullGeorge/congenial-octo-doodle/cmd/knock-helper/main.go:86.3,90.26 3 0
github.com/NullGeorge/congenial-octo-doodle/cmd/knock-helper/main.go:90.26,91.21 1 0
github.com/NullGeorge/congenial-octo-doodle/cmd/knock-helper/main.go:91.21,93.5 1 0
github.com/NullGeorge/congenial-octo-doodle/cmd/knock-helper/main.go:94.4,95.14 2 0
github.com/NullGeorge/congenial-octo-doodle/cmd/knock-helper/main.go:97.3,97.17 1 0
github.com/NullGeorge/congenial-octo-doodle/cmd/knock-helper/main.go:97.17,99.4 1 0
github.com/NullGeorge/congenial-octo-doodle/cmd/knock-helper/main.go:100.3,100.40 1 0
github.com/NullGeorge/congenial-octo-doodle/cmd/knock-helper/main.go:102.17,103.50 1 0
github.com/NullGeorge/congenial-octo-doodle/cmd/knock-helper/main.go:105.10,106.17 1 0
github.com/NullGeorge/congenial-octo-doodle/cmd/knock-helper/main.go:108.2,108.12 1 0
github.com/NullGeorge/congenial-octo-doodle/cmd/knock-helper/main.go:111.20,113.2 1 0
github.com/NullGeorge/congenial-octo-doodle/cmd/knock-helper/main.go:117.60,119.16 2 18
github.com/NullGeorge/congenial-octo-doodle/cmd/knock-helper/main.go:119.16,121.3 1 8
github.com/NullGeorge/congenial-octo-doodle/cmd/knock-helper/main.go:122.2,123.16 2 10
github.com/NullGeorge/congenial-octo-doodle/cmd/knock-helper/main.go:123.16,125.3 1 6
github.com/NullGeorge/congenial-octo-doodle/cmd/knock-helper/main.go:126.2,128.41 2 4
github.com/NullGeorge/congenial-octo-doodle/cmd/knock-helper/main.go:131.51,133.16 2 2
github.com/NullGeorge/congenial-octo-doodle/cmd/knock-helper/main.go:133.16,135.3 1 1
github.com/NullGeorge/congenial-octo-doodle/cmd/knock-helper/main.go:136.2,136.81 1 1
github.com/NullGeorge/congenial-octo-doodle/cmd/knock-helper/main.go:139.49,140.14 1 10
github.com/NullGeorge/congenial-octo-doodle/cmd/knock-helper/main.go:141.34,142.38 1 3
github.com/NullGeorge/congenial-octo-doodle/cmd/knock-helper/main.go:143.16,144.45 1 1
github.com/NullGeorge/congenial-octo-doodle/cmd/knock-helper/main.go:145.10,146.92 1 6
github.com/NullGeorge/congenial-octo-doodle/cmd/knock-helper/main.go:150.48,152.16 2 20
github.com/NullGeorge/congenial-octo-doodle/cmd/knock-helper/main.go:152.16,154.3 1 6
github.com/NullGeorge/congenial-octo-doodle/cmd/knock-helper/main.go:155.2,155.15 1 14
github.com/NullGeorge/congenial-octo-doodle/cmd/knock-helper/main.go:155.15,157.3 1 1
github.com/NullGeorge/congenial-octo-doodle/cmd/knock-helper/main.go:158.2,158.64 1 13
github.com/NullGeorge/congenial-octo-doodle/cmd/knock-helper/main.go:158.64,160.3 1 2
github.com/NullGeorge/congenial-octo-doodle/cmd/knock-helper/main.go:161.2,161.25 1 11
github.com/NullGeorge/congenial-octo-doodle/cmd/knock-helper/main.go:164.55,166.16 2 10
github.com/NullGeorge/congenial-octo-doodle/cmd/knock-helper/main.go:166.16,168.3 1 2
github.com/NullGeorge/congenial-octo-doodle/cmd/knock-helper/main.go:169.2,169.34 1 8
github.com/NullGeorge/congenial-octo-doodle/cmd/knock-helper/main.go:169.34,171.3 1 4
github.com/NullGeorge/congenial-octo-doodle/cmd/knock-helper/main.go:172.2,172.17 1 4
github.com/NullGeorge/congenial-octo-doodle/cmd/knock-helper/main.go:175.50,177.16 2 0
github.com/NullGeorge/congenial-octo-doodle/cmd/knock-helper/main.go:177.16,179.3 1 0
github.com/NullGeorge/congenial-octo-doodle/cmd/knock-helper/main.go:180.2,180.12 1 0
github.com/NullGeorge/congenial-octo-doodle/internal/telegram/client.go:32.41,33.19 1 6
github.com/NullGeorge/congenial-octo-doodle/internal/telegram/client.go:33.19,35.3 1 0
github.com/NullGeorge/congenial-octo-doodle/internal/telegram/client.go:36.2,40.3 1 6
github.com/NullGeorge/congenial-octo-doodle/internal/telegram/client.go:74.84,77.54 1 4
github.com/NullGeorge/congenial-octo-doodle/internal/telegram/client.go:77.54,79.3 1 1
github.com/NullGeorge/congenial-octo-doodle/internal/telegram/client.go:80.2,86.12 3 4
github.com/NullGeorge/congenial-octo-doodle/internal/telegram/client.go:91.102,99.16 3 2
github.com/NullGeorge/congenial-octo-doodle/internal/telegram/client.go:99.16,101.3 1 0
github.com/NullGeorge/congenial-octo-doodle/internal/telegram/client.go:103.2,104.55 2 2
github.com/NullGeorge/congenial-octo-doodle/internal/telegram/client.go:104.55,106.3 1 0
github.com/NullGeorge/congenial-octo-doodle/internal/telegram/client.go:107.2,107.21 1 2
github.com/NullGeorge/congenial-octo-doodle/internal/telegram/client.go:110.124,116.16 5 6
github.com/NullGeorge/congenial-octo-doodle/internal/telegram/client.go:116.16,118.3 1 0
github.com/NullGeorge/congenial-octo-doodle/internal/telegram/client.go:119.2,122.16 3 6
github.com/NullGeorge/congenial-octo-doodle/internal/telegram/client.go:122.16,124.3 1 1
github.com/NullGeorge/congenial-octo-doodle/internal/telegram/client.go:125.2,128.16 3 5
github.com/NullGeorge/congenial-octo-doodle/internal/telegram/client.go:128.16,130.3 1 0
github.com/NullGeorge/congenial-octo-doodle/internal/telegram/client.go:132.2,133.54 2 5
github.com/NullGeorge/congenial-octo-doodle/internal/telegram/client.go:133.54,135.3 1 0
github.com/NullGeorge/congenial-octo-doodle/internal/telegram/client.go:136.2,136.16 1 5
github.com/NullGeorge/congenial-octo-doodle/internal/telegram/client.go:136.16,138.3 1 1
github.com/NullGeorge/congenial-octo-doodle/internal/telegram/client.go:139.2,139.27 1 4
github.com/NullGeorge/congenial-octo-doodle/internal/telegram/client.go:144.42,145.19 1 1
github.com/NullGeorge/congenial-octo-doodle/internal/telegram/client.go:145.19,147.3 1 0
github.com/NullGeorge/congenial-octo-doodle/internal/telegram/client.go:148.2,149.34 2 1
github.com/NullGeorge/congenial-octo-doodle/internal/agent/agent.go:22.99,23.19 1 0
github.com/NullGeorge/congenial-octo-doodle/internal/agent/agent.go:23.19,25.3 1 0
github.com/NullGeorge/congenial-octo-doodle/internal/agent/agent.go:26.2,26.68 1 0
github.com/NullGeorge/congenial-octo-doodle/internal/agent/agent.go:29.48,30.57 1 0
github.com/NullGeorge/congenial-octo-doodle/internal/agent/agent.go:30.57,32.10 2 0
github.com/NullGeorge/congenial-octo-doodle/internal/agent/agent.go:32.10,34.4 1 0
github.com/NullGeorge/congenial-octo-doodle/internal/agent/agent.go:35.3,38.46 4 0
github.com/NullGeorge/congenial-octo-doodle/internal/agent/agent.go:38.46,40.4 1 0
github.com/NullGeorge/congenial-octo-doodle/internal/agent/agent.go:41.3,43.13 2 0
github.com/NullGeorge/congenial-octo-doodle/internal/agent/agent.go:44.37,46.3 1 0
github.com/NullGeorge/congenial-octo-doodle/internal/agent/agent.go:47.2,47.12 1 0
github.com/NullGeorge/congenial-octo-doodle/internal/agent/agent.go:50.44,50.70 1 0
github.com/NullGeorge/congenial-octo-doodle/cmd/agent/main.go:31.13,32.22 1 0
github.com/NullGeorge/congenial-octo-doodle/cmd/agent/main.go:32.22,35.3 2 0
github.com/NullGeorge/congenial-octo-doodle/cmd/agent/main.go:37.2,37.20 1 0
github.com/NullGeorge/congenial-octo-doodle/cmd/agent/main.go:38.13,39.42 1 0
github.com/NullGeorge/congenial-octo-doodle/cmd/agent/main.go:39.42,41.4 1 0
github.com/NullGeorge/congenial-octo-doodle/cmd/agent/main.go:42.16,43.49 1 0
github.com/NullGeorge/congenial-octo-doodle/cmd/agent/main.go:43.49,45.4 1 0
github.com/NullGeorge/congenial-octo-doodle/cmd/agent/main.go:46.15,47.48 1 0
github.com/NullGeorge/congenial-octo-doodle/cmd/agent/main.go:47.48,49.4 1 0
github.com/NullGeorge/congenial-octo-doodle/cmd/agent/main.go:50.17,51.50 1 0
github.com/NullGeorge/congenial-octo-doodle/cmd/agent/main.go:52.18,53.51 1 0
github.com/NullGeorge/congenial-octo-doodle/cmd/agent/main.go:53.51,55.4 1 0
github.com/NullGeorge/congenial-octo-doodle/cmd/agent/main.go:56.10,58.13 2 0
github.com/NullGeorge/congenial-octo-doodle/cmd/agent/main.go:62.31,75.39 13 0
github.com/NullGeorge/congenial-octo-doodle/cmd/agent/main.go:75.39,77.3 1 0
github.com/NullGeorge/congenial-octo-doodle/cmd/agent/main.go:79.2,80.20 2 0
github.com/NullGeorge/congenial-octo-doodle/cmd/agent/main.go:80.20,82.17 2 0
github.com/NullGeorge/congenial-octo-doodle/cmd/agent/main.go:82.17,84.4 1 0
github.com/NullGeorge/congenial-octo-doodle/cmd/agent/main.go:85.3,85.15 1 0
github.com/NullGeorge/congenial-octo-doodle/cmd/agent/main.go:88.2,89.16 2 0
github.com/NullGeorge/congenial-octo-doodle/cmd/agent/main.go:89.16,91.3 1 0
github.com/NullGeorge/congenial-octo-doodle/cmd/agent/main.go:92.2,102.16 8 0
github.com/NullGeorge/congenial-octo-doodle/cmd/agent/main.go:102.16,104.3 1 0
github.com/NullGeorge/congenial-octo-doodle/cmd/agent/main.go:105.2,107.15 3 0
github.com/NullGeorge/congenial-octo-doodle/cmd/agent/main.go:107.15,110.17 3 0
github.com/NullGeorge/congenial-octo-doodle/cmd/agent/main.go:110.17,113.4 2 0
github.com/NullGeorge/congenial-octo-doodle/cmd/agent/main.go:115.2,120.24 4 0
github.com/NullGeorge/congenial-octo-doodle/cmd/agent/main.go:128.73,130.21 2 0
github.com/NullGeorge/congenial-octo-doodle/cmd/agent/main.go:130.21,132.17 2 0
github.com/NullGeorge/congenial-octo-doodle/cmd/agent/main.go:132.17,134.4 1 0
github.com/NullGeorge/congenial-octo-doodle/cmd/agent/main.go:135.3,136.18 2 0
github.com/NullGeorge/congenial-octo-doodle/cmd/agent/main.go:136.18,138.4 1 0
github.com/NullGeorge/congenial-octo-doodle/cmd/agent/main.go:140.2,140.17 1 0
github.com/NullGeorge/congenial-octo-doodle/cmd/agent/main.go:140.17,142.3 1 0
github.com/NullGeorge/congenial-octo-doodle/cmd/agent/main.go:144.2,144.17 1 0
github.com/NullGeorge/congenial-octo-doodle/cmd/agent/main.go:144.17,146.16 2 0
github.com/NullGeorge/congenial-octo-doodle/cmd/agent/main.go:146.16,148.4 1 0
github.com/NullGeorge/congenial-octo-doodle/cmd/agent/main.go:149.3,150.17 2 0
github.com/NullGeorge/congenial-octo-doodle/cmd/agent/main.go:150.17,152.4 1 0
github.com/NullGeorge/congenial-octo-doodle/cmd/agent/main.go:153.3,153.18 1 0
github.com/NullGeorge/congenial-octo-doodle/cmd/agent/main.go:155.2,155.27 1 0
github.com/NullGeorge/congenial-octo-doodle/cmd/agent/main.go:160.38,164.39 4 0
github.com/NullGeorge/congenial-octo-doodle/cmd/agent/main.go:164.39,166.3 1 0
github.com/NullGeorge/congenial-octo-doodle/cmd/agent/main.go:168.2,169.16 2 0
github.com/NullGeorge/congenial-octo-doodle/cmd/agent/main.go:169.16,171.3 1 0
github.com/NullGeorge/congenial-octo-doodle/cmd/agent/main.go:172.2,175.16 3 0
github.com/NullGeorge/congenial-octo-doodle/cmd/agent/main.go:175.16,177.3 1 0
github.com/NullGeorge/congenial-octo-doodle/cmd/agent/main.go:179.2,184.33 6 0
github.com/NullGeorge/congenial-octo-doodle/cmd/agent/main.go:184.33,187.3 1 0
github.com/NullGeorge/congenial-octo-doodle/cmd/agent/main.go:188.2,190.23 3 0
github.com/NullGeorge/congenial-octo-doodle/cmd/agent/main.go:196.39,198.61 2 0
github.com/NullGeorge/congenial-octo-doodle/cmd/agent/main.go:198.61,200.3 1 0
github.com/NullGeorge/congenial-octo-doodle/cmd/agent/main.go:201.2,201.18 1 0
github.com/NullGeorge/congenial-octo-doodle/cmd/agent/main.go:206.40,210.39 4 0
github.com/NullGeorge/congenial-octo-doodle/cmd/agent/main.go:210.39,212.3 1 0
github.com/NullGeorge/congenial-octo-doodle/cmd/agent/main.go:214.2,215.16 2 0
github.com/NullGeorge/congenial-octo-doodle/cmd/agent/main.go:215.16,217.3 1 0
github.com/NullGeorge/congenial-octo-doodle/cmd/agent/main.go:218.2,221.16 3 0
github.com/NullGeorge/congenial-octo-doodle/cmd/agent/main.go:221.16,223.3 1 0
github.com/NullGeorge/congenial-octo-doodle/cmd/agent/main.go:224.2,224.24 1 0
github.com/NullGeorge/congenial-octo-doodle/cmd/agent/main.go:224.24,227.3 2 0
github.com/NullGeorge/congenial-octo-doodle/cmd/agent/main.go:229.2,231.35 3 0
github.com/NullGeorge/congenial-octo-doodle/cmd/agent/main.go:231.35,234.3 1 0
github.com/NullGeorge/congenial-octo-doodle/cmd/agent/main.go:235.2,235.23 1 0
github.com/NullGeorge/congenial-octo-doodle/cmd/agent/main.go:241.37,245.39 4 0
github.com/NullGeorge/congenial-octo-doodle/cmd/agent/main.go:245.39,247.3 1 0
github.com/NullGeorge/congenial-octo-doodle/cmd/agent/main.go:249.2,250.16 2 0
github.com/NullGeorge/congenial-octo-doodle/cmd/agent/main.go:250.16,252.3 1 0
github.com/NullGeorge/congenial-octo-doodle/cmd/agent/main.go:253.2,256.16 3 0
github.com/NullGeorge/congenial-octo-doodle/cmd/agent/main.go:256.16,258.3 1 0
github.com/NullGeorge/congenial-octo-doodle/cmd/agent/main.go:260.2,264.29 5 0
github.com/NullGeorge/congenial-octo-doodle/cmd/agent/main.go:264.29,266.23 2 0
github.com/NullGeorge/congenial-octo-doodle/cmd/agent/main.go:266.23,267.12 1 0
github.com/NullGeorge/congenial-octo-doodle/cmd/agent/main.go:269.3,270.34 2 0
github.com/NullGeorge/congenial-octo-doodle/cmd/agent/main.go:270.34,272.4 1 0
github.com/NullGeorge/congenial-octo-doodle/cmd/agent/main.go:273.3,275.10 2 0
github.com/NullGeorge/congenial-octo-doodle/cmd/agent/main.go:277.2,277.39 1 0
github.com/NullGeorge/congenial-octo-doodle/cmd/agent/main.go:277.39,279.3 1 0
github.com/NullGeorge/congenial-octo-doodle/cmd/agent/main.go:280.2,280.16 1 0
github.com/NullGeorge/congenial-octo-doodle/cmd/agent/main.go:280.16,282.3 1 0
github.com/NullGeorge/congenial-octo-doodle/cmd/agent/main.go:283.2,283.12 1 0
github.com/NullGeorge/congenial-octo-doodle/cmd/agent/main.go:286.65,287.22 1 0
github.com/NullGeorge/congenial-octo-doodle/cmd/agent/main.go:287.22,289.3 1 0
github.com/NullGeorge/congenial-octo-doodle/cmd/agent/main.go:290.2,290.52 1 0
github.com/NullGeorge/congenial-octo-doodle/cmd/agent/main.go:290.52,292.3 1 0
github.com/NullGeorge/congenial-octo-doodle/cmd/agent/main.go:293.2,293.65 1 0
github.com/NullGeorge/congenial-octo-doodle/cmd/agent/main.go:296.14,300.2 3 0
github.com/NullGeorge/congenial-octo-doodle/internal/version/version.go:19.22,22.2 1 0
github.com/NullGeorge/congenial-octo-doodle/internal/storage/store.go:19.40,21.16 2 0
github.com/NullGeorge/congenial-octo-doodle/internal/storage/store.go:21.16,23.3 1 0
github.com/NullGeorge/congenial-octo-doodle/internal/storage/store.go:25.2,26.40 2 0
github.com/NullGeorge/congenial-octo-doodle/internal/storage/store.go:26.40,29.3 2 0
github.com/NullGeorge/congenial-octo-doodle/internal/storage/store.go:30.2,30.19 1 0
github.com/NullGeorge/congenial-octo-doodle/internal/storage/store.go:33.31,33.54 1 0
github.com/NullGeorge/congenial-octo-doodle/internal/storage/store.go:35.33,77.45 2 0
github.com/NullGeorge/congenial-octo-doodle/internal/storage/store.go:77.45,79.3 1 0
github.com/NullGeorge/congenial-octo-doodle/internal/storage/store.go:83.2,88.4 1 0
github.com/NullGeorge/congenial-octo-doodle/internal/storage/store.go:88.4,90.60 1 0
github.com/NullGeorge/congenial-octo-doodle/internal/storage/store.go:90.60,92.4 1 0
github.com/NullGeorge/congenial-octo-doodle/internal/storage/store.go:94.2,94.12 1 0
github.com/NullGeorge/congenial-octo-doodle/internal/storage/store.go:97.53,98.20 1 0
github.com/NullGeorge/congenial-octo-doodle/internal/storage/store.go:98.20,100.3 1 0
github.com/NullGeorge/congenial-octo-doodle/internal/storage/store.go:101.2,101.30 1 0
github.com/NullGeorge/congenial-octo-doodle/internal/storage/store.go:101.30,103.3 1 0
github.com/NullGeorge/congenial-octo-doodle/internal/storage/store.go:105.2,111.12 2 0
github.com/NullGeorge/congenial-octo-doodle/internal/storage/store.go:114.96,119.2 2 0
github.com/NullGeorge/congenial-octo-doodle/internal/storage/store.go:137.49,139.2 1 0
github.com/NullGeorge/congenial-octo-doodle/internal/storage/store.go:141.49,143.27 2 0
github.com/NullGeorge/congenial-octo-doodle/internal/storage/store.go:143.27,145.3 1 0
github.com/NullGeorge/congenial-octo-doodle/internal/storage/store.go:146.2,156.12 2 0
github.com/NullGeorge/congenial-octo-doodle/internal/storage/store.go:159.51,163.16 2 0
github.com/NullGeorge/congenial-octo-doodle/internal/storage/store.go:163.16,165.3 1 0
github.com/NullGeorge/congenial-octo-doodle/internal/storage/store.go:166.2,169.18 3 0
github.com/NullGeorge/congenial-octo-doodle/internal/storage/store.go:169.18,174.67 4 0
github.com/NullGeorge/congenial-octo-doodle/internal/storage/store.go:174.67,176.4 1 0
github.com/NullGeorge/congenial-octo-doodle/internal/storage/store.go:177.3,177.80 1 0
github.com/NullGeorge/congenial-octo-doodle/internal/storage/store.go:177.80,179.4 1 0
github.com/NullGeorge/congenial-octo-doodle/internal/storage/store.go:180.3,180.22 1 0
github.com/NullGeorge/congenial-octo-doodle/internal/storage/store.go:180.22,182.18 2 0
github.com/NullGeorge/congenial-octo-doodle/internal/storage/store.go:182.18,184.5 1 0
github.com/NullGeorge/congenial-octo-doodle/internal/storage/store.go:185.4,185.28 1 0
github.com/NullGeorge/congenial-octo-doodle/internal/storage/store.go:187.3,187.30 1 0
github.com/NullGeorge/congenial-octo-doodle/internal/storage/store.go:189.2,189.26 1 0
github.com/NullGeorge/congenial-octo-doodle/internal/storage/store.go:195.70,199.16 2 0
github.com/NullGeorge/congenial-octo-doodle/internal/storage/store.go:199.16,201.3 1 0
github.com/NullGeorge/congenial-octo-doodle/internal/storage/store.go:202.2,205.18 3 0
github.com/NullGeorge/congenial-octo-doodle/internal/storage/store.go:205.18,211.73 5 0
github.com/NullGeorge/congenial-octo-doodle/internal/storage/store.go:211.73,213.4 1 0
github.com/NullGeorge/congenial-octo-doodle/internal/storage/store.go:214.3,215.81 2 0
github.com/NullGeorge/congenial-octo-doodle/internal/storage/store.go:215.81,217.4 1 0
github.com/NullGeorge/congenial-octo-doodle/internal/storage/store.go:218.3,220.35 3 0
github.com/NullGeorge/congenial-octo-doodle/internal/storage/store.go:222.2,222.28 1 0
github.com/NullGeorge/congenial-octo-doodle/internal/storage/store.go:225.62,229.2 2 0
github.com/NullGeorge/congenial-octo-doodle/internal/storage/store.go:243.57,245.91 2 0
github.com/NullGeorge/congenial-octo-doodle/internal/storage/store.go:245.91,247.3 1 0
github.com/NullGeorge/congenial-octo-doodle/internal/storage/store.go:248.2,248.95 1 0
github.com/NullGeorge/congenial-octo-doodle/internal/storage/store.go:248.95,250.3 1 0
github.com/NullGeorge/congenial-octo-doodle/internal/storage/store.go:251.2,252.42 1 0
github.com/NullGeorge/congenial-octo-doodle/internal/storage/store.go:252.42,254.3 1 0
github.com/NullGeorge/congenial-octo-doodle/internal/storage/store.go:255.2,258.78 1 0
github.com/NullGeorge/congenial-octo-doodle/internal/storage/store.go:258.78,260.3 1 0
github.com/NullGeorge/congenial-octo-doodle/internal/storage/store.go:262.2,265.34 2 0
github.com/NullGeorge/congenial-octo-doodle/internal/storage/store.go:265.34,267.3 1 0
github.com/NullGeorge/congenial-octo-doodle/internal/storage/store.go:268.2,269.18 2 0
github.com/NullGeorge/congenial-octo-doodle/internal/storage/store.go:269.18,271.17 2 0
github.com/NullGeorge/congenial-octo-doodle/internal/storage/store.go:271.17,273.4 1 0
github.com/NullGeorge/congenial-octo-doodle/internal/storage/store.go:274.3,274.31 1 0
github.com/NullGeorge/congenial-octo-doodle/internal/storage/store.go:276.2,276.21 1 0
github.com/NullGeorge/congenial-octo-doodle/internal/storage/store.go:288.60,292.16 2 0
github.com/NullGeorge/congenial-octo-doodle/internal/storage/store.go:292.16,294.3 1 0
github.com/NullGeorge/congenial-octo-doodle/internal/storage/store.go:295.2,298.18 3 0
github.com/NullGeorge/congenial-octo-doodle/internal/storage/store.go:298.18,302.100 4 0
github.com/NullGeorge/congenial-octo-doodle/internal/storage/store.go:302.100,304.4 1 0
github.com/NullGeorge/congenial-octo-doodle/internal/storage/store.go:305.3,305.83 1 0
github.com/NullGeorge/congenial-octo-doodle/internal/storage/store.go:305.83,307.4 1 0
github.com/NullGeorge/congenial-octo-doodle/internal/storage/store.go:308.3,309.39 2 0
github.com/NullGeorge/congenial-octo-doodle/internal/storage/store.go:311.2,311.29 1 0
github.com/NullGeorge/congenial-octo-doodle/internal/state/engine.go:23.46,25.2 1 2
github.com/NullGeorge/congenial-octo-doodle/internal/state/engine.go:27.50,28.49 1 9
github.com/NullGeorge/congenial-octo-doodle/internal/state/engine.go:28.49,30.3 1 0
github.com/NullGeorge/congenial-octo-doodle/internal/state/engine.go:32.2,35.26 3 9
github.com/NullGeorge/congenial-octo-doodle/internal/state/engine.go:35.26,37.3 1 1
github.com/NullGeorge/congenial-octo-doodle/internal/state/engine.go:39.2,40.20 2 8
github.com/NullGeorge/congenial-octo-doodle/internal/state/engine.go:41.28,42.18 1 3
github.com/NullGeorge/congenial-octo-doodle/internal/state/engine.go:43.28,44.20 1 0
github.com/NullGeorge/congenial-octo-doodle/internal/state/engine.go:47.2,47.78 1 8
github.com/NullGeorge/congenial-octo-doodle/internal/state/engine.go:47.78,59.58 2 3
github.com/NullGeorge/congenial-octo-doodle/internal/state/engine.go:59.58,62.4 2 3
github.com/NullGeorge/congenial-octo-doodle/internal/state/engine.go:63.3,64.48 2 3
github.com/NullGeorge/congenial-octo-doodle/internal/state/engine.go:64.48,66.4 1 0
github.com/NullGeorge/congenial-octo-doodle/internal/state/engine.go:69.2,69.79 1 8
github.com/NullGeorge/congenial-octo-doodle/internal/state/engine.go:69.79,71.3 1 3
github.com/NullGeorge/congenial-octo-doodle/internal/state/engine.go:72.2,72.12 1 5
github.com/NullGeorge/congenial-octo-doodle/internal/state/engine.go:75.39,81.31 5 3
github.com/NullGeorge/congenial-octo-doodle/internal/state/engine.go:81.31,82.48 1 4
github.com/NullGeorge/congenial-octo-doodle/internal/state/engine.go:82.48,84.4 1 2
github.com/NullGeorge/congenial-octo-doodle/internal/state/engine.go:85.3,85.32 1 4
github.com/NullGeorge/congenial-octo-doodle/internal/state/engine.go:87.2,87.15 1 3
github.com/NullGeorge/congenial-octo-doodle/internal/state/engine.go:90.51,92.2 1 3
github.com/NullGeorge/congenial-octo-doodle/internal/notify/notify.go:33.91,34.19 1 3
github.com/NullGeorge/congenial-octo-doodle/internal/notify/notify.go:34.19,36.3 1 0
github.com/NullGeorge/congenial-octo-doodle/internal/notify/notify.go:37.2,37.77 1 3
github.com/NullGeorge/congenial-octo-doodle/internal/notify/notify.go:42.69,46.6 3 0
github.com/NullGeorge/congenial-octo-doodle/internal/notify/notify.go:46.6,47.58 1 0
github.com/NullGeorge/congenial-octo-doodle/internal/notify/notify.go:47.58,49.4 1 0
github.com/NullGeorge/congenial-octo-doodle/internal/notify/notify.go:50.3,50.10 1 0
github.com/NullGeorge/congenial-octo-doodle/internal/notify/notify.go:51.21,52.10 1 0
github.com/NullGeorge/congenial-octo-doodle/internal/notify/notify.go:53.19,53.19 0 0
github.com/NullGeorge/congenial-octo-doodle/internal/notify/notify.go:60.53,62.16 2 4
github.com/NullGeorge/congenial-octo-doodle/internal/notify/notify.go:62.16,64.3 1 0
github.com/NullGeorge/congenial-octo-doodle/internal/notify/notify.go:66.2,66.32 1 4
github.com/NullGeorge/congenial-octo-doodle/internal/notify/notify.go:66.32,67.26 1 15
github.com/NullGeorge/congenial-octo-doodle/internal/notify/notify.go:67.26,68.77 1 7
github.com/NullGeorge/congenial-octo-doodle/internal/notify/notify.go:68.77,70.5 1 1
github.com/NullGeorge/congenial-octo-doodle/internal/notify/notify.go:72.3,72.75 1 14
github.com/NullGeorge/congenial-octo-doodle/internal/notify/notify.go:72.75,74.4 1 0
github.com/NullGeorge/congenial-octo-doodle/internal/notify/notify.go:76.2,76.12 1 3
github.com/NullGeorge/congenial-octo-doodle/internal/notify/notify.go:81.42,82.19 1 18
github.com/NullGeorge/congenial-octo-doodle/internal/notify/notify.go:84.68,85.14 1 7
github.com/NullGeorge/congenial-octo-doodle/internal/notify/notify.go:86.10,87.15 1 11
github.com/NullGeorge/congenial-octo-doodle/internal/notify/notify.go:100.40,102.9 2 7
github.com/NullGeorge/congenial-octo-doodle/internal/notify/notify.go:102.9,104.3 1 0
github.com/NullGeorge/congenial-octo-doodle/internal/notify/notify.go:106.2,108.26 3 7
github.com/NullGeorge/congenial-octo-doodle/internal/notify/notify.go:108.26,111.26 3 4
github.com/NullGeorge/congenial-octo-doodle/internal/notify/notify.go:111.26,115.4 3 4
github.com/NullGeorge/congenial-octo-doodle/internal/notify/notify.go:117.2,117.22 1 7
github.com/NullGeorge/congenial-octo-doodle/internal/notify/notify.go:117.22,120.3 2 4
github.com/NullGeorge/congenial-octo-doodle/internal/notify/notify.go:121.2,121.21 1 7
github.com/NullGeorge/congenial-octo-doodle/internal/notify/notify.go:121.21,123.3 1 2
github.com/NullGeorge/congenial-octo-doodle/internal/notify/notify.go:124.2,124.19 1 7
github.com/NullGeorge/congenial-octo-doodle/internal/notify/notify.go:124.19,130.3 5 2
github.com/NullGeorge/congenial-octo-doodle/internal/notify/notify.go:131.2,133.22 3 7
github.com/NullGeorge/congenial-octo-doodle/internal/notify/notify.go:139.93,140.15 1 0
github.com/NullGeorge/congenial-octo-doodle/internal/notify/notify.go:140.15,142.3 1 0
github.com/NullGeorge/congenial-octo-doodle/internal/notify/notify.go:143.2,143.19 1 0
github.com/NullGeorge/congenial-octo-doodle/internal/notify/notify.go:143.19,145.3 1 0
github.com/NullGeorge/congenial-octo-doodle/internal/notify/notify.go:146.2,150.6 4 0
github.com/NullGeorge/congenial-octo-doodle/internal/notify/notify.go:150.6,152.17 2 0
github.com/NullGeorge/congenial-octo-doodle/internal/notify/notify.go:152.17,155.4 2 0
github.com/NullGeorge/congenial-octo-doodle/internal/notify/notify.go:156.3,157.17 2 0
github.com/NullGeorge/congenial-octo-doodle/internal/notify/notify.go:157.17,158.24 1 0
github.com/NullGeorge/congenial-octo-doodle/internal/notify/notify.go:158.24,160.5 1 0
github.com/NullGeorge/congenial-octo-doodle/internal/notify/notify.go:161.4,161.39 1 0
github.com/NullGeorge/congenial-octo-doodle/internal/notify/notify.go:162.9,164.4 1 0
github.com/NullGeorge/congenial-octo-doodle/internal/notify/notify.go:166.3,166.10 1 0
github.com/NullGeorge/congenial-octo-doodle/internal/notify/notify.go:167.21,168.10 1 0
github.com/NullGeorge/congenial-octo-doodle/internal/notify/notify.go:169.19,169.19 0 0
github.com/NullGeorge/congenial-octo-doodle/internal/control/control.go:49.74,50.19 1 7
github.com/NullGeorge/congenial-octo-doodle/internal/control/control.go:50.19,52.3 1 0
github.com/NullGeorge/congenial-octo-doodle/internal/control/control.go:53.2,56.3 1 7
github.com/NullGeorge/congenial-octo-doodle/internal/control/control.go:60.47,61.23 1 0
github.com/NullGeorge/congenial-octo-doodle/internal/control/control.go:61.23,63.17 2 0
github.com/NullGeorge/congenial-octo-doodle/internal/control/control.go:63.17,64.24 1 0
github.com/NullGeorge/congenial-octo-doodle/internal/control/control.go:64.24,66.5 1 0
github.com/NullGeorge/congenial-octo-doodle/internal/control/control.go:67.4,68.11 2 0
github.com/NullGeorge/congenial-octo-doodle/internal/control/control.go:69.22,70.11 1 0
github.com/NullGeorge/congenial-octo-doodle/internal/control/control.go:71.39,71.39 0 0
github.com/NullGeorge/congenial-octo-doodle/internal/control/control.go:73.4,73.12 1 0
github.com/NullGeorge/congenial-octo-doodle/internal/control/control.go:76.3,76.34 1 0
github.com/NullGeorge/congenial-octo-doodle/internal/control/control.go:76.34,79.4 2 0
github.com/NullGeorge/congenial-octo-doodle/internal/control/control.go:83.74,84.75 1 10
github.com/NullGeorge/congenial-octo-doodle/internal/control/control.go:84.75,86.3 1 0
github.com/NullGeorge/congenial-octo-doodle/internal/control/control.go:89.2,89.40 1 10
github.com/NullGeorge/congenial-octo-doodle/internal/control/control.go:89.40,92.3 2 1
github.com/NullGeorge/congenial-octo-doodle/internal/control/control.go:94.2,95.17 2 9
github.com/NullGeorge/congenial-octo-doodle/internal/control/control.go:95.17,97.3 1 0
github.com/NullGeorge/congenial-octo-doodle/internal/control/control.go:98.2,98.64 1 9
github.com/NullGeorge/congenial-octo-doodle/internal/control/control.go:98.64,100.3 1 0
github.com/NullGeorge/congenial-octo-doodle/internal/control/control.go:103.72,105.22 2 9
github.com/NullGeorge/congenial-octo-doodle/internal/control/control.go:105.22,107.3 1 0
github.com/NullGeorge/congenial-octo-doodle/internal/control/control.go:109.2,110.52 2 9
github.com/NullGeorge/congenial-octo-doodle/internal/control/control.go:110.52,112.3 1 1
github.com/NullGeorge/congenial-octo-doodle/internal/control/control.go:113.2,115.17 2 9
github.com/NullGeorge/congenial-octo-doodle/internal/control/control.go:116.16,117.28 1 4
github.com/NullGeorge/congenial-octo-doodle/internal/control/control.go:118.17,119.29 1 0
github.com/NullGeorge/congenial-octo-doodle/internal/control/control.go:120.16,121.19 1 2
github.com/NullGeorge/congenial-octo-doodle/internal/control/control.go:122.17,123.29 1 2
github.com/NullGeorge/congenial-octo-doodle/internal/control/control.go:124.25,125.14 1 0
github.com/NullGeorge/congenial-octo-doodle/internal/control/control.go:126.10,127.36 1 1
github.com/NullGeorge/congenial-octo-doodle/internal/control/control.go:137.71,138.36 1 4
github.com/NullGeorge/congenial-octo-doodle/internal/control/control.go:138.36,140.3 1 0
github.com/NullGeorge/congenial-octo-doodle/internal/control/control.go:141.2,142.20 2 4
github.com/NullGeorge/congenial-octo-doodle/internal/control/control.go:142.20,144.17 2 2
github.com/NullGeorge/congenial-octo-doodle/internal/control/control.go:144.17,146.4 1 0
github.com/NullGeorge/congenial-octo-doodle/internal/control/control.go:147.3,147.15 1 2
github.com/NullGeorge/congenial-octo-doodle/internal/control/control.go:150.2,151.16 2 4
github.com/NullGeorge/congenial-octo-doodle/internal/control/control.go:151.16,153.3 1 1
github.com/NullGeorge/congenial-octo-doodle/internal/control/control.go:158.2,165.34 2 3
github.com/NullGeorge/congenial-octo-doodle/internal/control/control.go:168.72,169.20 1 0
github.com/NullGeorge/congenial-octo-doodle/internal/control/control.go:169.20,171.3 1 0
github.com/NullGeorge/congenial-octo-doodle/internal/control/control.go:172.2,173.16 2 0
github.com/NullGeorge/congenial-octo-doodle/internal/control/control.go:173.16,175.3 1 0
github.com/NullGeorge/congenial-octo-doodle/internal/control/control.go:176.2,182.34 2 0
github.com/NullGeorge/congenial-octo-doodle/internal/control/control.go:187.72,188.20 1 2
github.com/NullGeorge/congenial-octo-doodle/internal/control/control.go:188.20,190.3 1 0
github.com/NullGeorge/congenial-octo-doodle/internal/control/control.go:191.2,192.16 2 2
github.com/NullGeorge/congenial-octo-doodle/internal/control/control.go:192.16,194.3 1 0
github.com/NullGeorge/congenial-octo-doodle/internal/control/control.go:195.2,195.34 1 2
github.com/NullGeorge/congenial-octo-doodle/internal/control/control.go:198.37,200.16 2 2
github.com/NullGeorge/congenial-octo-doodle/internal/control/control.go:200.16,202.3 1 0
github.com/NullGeorge/congenial-octo-doodle/internal/control/control.go:204.2,207.29 4 2
github.com/NullGeorge/congenial-octo-doodle/internal/control/control.go:207.29,208.48 1 1
github.com/NullGeorge/congenial-octo-doodle/internal/control/control.go:208.48,209.12 1 0
github.com/NullGeorge/congenial-octo-doodle/internal/control/control.go:211.3,211.16 1 1
github.com/NullGeorge/congenial-octo-doodle/internal/control/control.go:211.16,213.4 1 0
github.com/NullGeorge/congenial-octo-doodle/internal/control/control.go:214.3,215.28 2 1
github.com/NullGeorge/congenial-octo-doodle/internal/control/control.go:215.28,217.4 1 1
github.com/NullGeorge/congenial-octo-doodle/internal/control/control.go:218.3,218.10 1 1
github.com/NullGeorge/congenial-octo-doodle/internal/control/control.go:220.2,220.16 1 2
github.com/NullGeorge/congenial-octo-doodle/internal/control/control.go:220.16,222.3 1 1
github.com/NullGeorge/congenial-octo-doodle/internal/control/control.go:223.2,223.22 1 1
github.com/NullGeorge/congenial-octo-doodle/internal/control/control.go:228.49,231.46 3 3
github.com/NullGeorge/congenial-octo-doodle/internal/control/control.go:231.46,233.3 1 0
github.com/NullGeorge/congenial-octo-doodle/internal/control/helper.go:24.95,26.2 1 0
github.com/NullGeorge/congenial-octo-doodle/internal/control/helper.go:28.77,30.2 1 0
github.com/NullGeorge/congenial-octo-doodle/internal/control/helper.go:32.75,34.2 1 0
github.com/NullGeorge/congenial-octo-doodle/internal/control/helper.go:36.74,41.23 4 0
github.com/NullGeorge/congenial-octo-doodle/internal/control/helper.go:41.23,43.3 1 0
github.com/NullGeorge/congenial-octo-doodle/internal/control/helper.go:43.8,46.3 1 0
github.com/NullGeorge/congenial-octo-doodle/internal/control/helper.go:51.2,55.38 4 0
github.com/NullGeorge/congenial-octo-doodle/internal/control/helper.go:55.38,56.67 1 0
github.com/NullGeorge/congenial-octo-doodle/internal/control/helper.go:56.67,58.4 1 0
github.com/NullGeorge/congenial-octo-doodle/internal/control/helper.go:59.3,59.75 1 0
github.com/NullGeorge/congenial-octo-doodle/internal/control/helper.go:61.2,61.48 1 0
